mode: set
github.com/snmoore/go/audio/dsf/data.go:37.41,40.16 2 1
github.com/snmoore/go/audio/dsf/data.go:45.2,46.16 2 1
github.com/snmoore/go/audio/dsf/data.go:58.2,59.63 2 1
github.com/snmoore/go/audio/dsf/data.go:64.2,65.16 2 1
github.com/snmoore/go/audio/dsf/data.go:70.2,73.37 4 1
github.com/snmoore/go/audio/dsf/data.go:81.2,81.12 1 1
github.com/snmoore/go/audio/dsf/data.go:40.16,42.3 1 1
github.com/snmoore/go/audio/dsf/data.go:47.2,47.23 0 1
github.com/snmoore/go/audio/dsf/data.go:49.2,50.69 1 1
github.com/snmoore/go/audio/dsf/data.go:51.2,52.69 1 1
github.com/snmoore/go/audio/dsf/data.go:53.2,54.83 1 1
github.com/snmoore/go/audio/dsf/data.go:59.63,61.3 1 1
github.com/snmoore/go/audio/dsf/data.go:65.16,67.3 1 1
github.com/snmoore/go/audio/dsf/data.go:73.37,75.13 2 1
github.com/snmoore/go/audio/dsf/data.go:78.3,78.85 1 1
github.com/snmoore/go/audio/dsf/data.go:75.13,77.4 1 1
github.com/snmoore/go/audio/dsf/dsd.go:40.40,43.16 2 1
github.com/snmoore/go/audio/dsf/dsd.go:48.2,49.16 2 1
github.com/snmoore/go/audio/dsf/dsd.go:61.2,62.26 2 1
github.com/snmoore/go/audio/dsf/dsd.go:67.2,68.67 2 1
github.com/snmoore/go/audio/dsf/dsd.go:73.2,74.26 2 1
github.com/snmoore/go/audio/dsf/dsd.go:84.2,90.12 6 1
github.com/snmoore/go/audio/dsf/dsd.go:43.16,45.3 1 1
github.com/snmoore/go/audio/dsf/dsd.go:50.2,50.22 0 1
github.com/snmoore/go/audio/dsf/dsd.go:52.2,53.67 1 1
github.com/snmoore/go/audio/dsf/dsd.go:54.2,55.68 1 1
github.com/snmoore/go/audio/dsf/dsd.go:56.2,57.80 1 1
github.com/snmoore/go/audio/dsf/dsd.go:62.26,64.3 1 1
github.com/snmoore/go/audio/dsf/dsd.go:68.67,70.3 1 1
github.com/snmoore/go/audio/dsf/dsd.go:74.26,75.103 1 1
github.com/snmoore/go/audio/dsf/dsd.go:75.103,77.4 1 1
github.com/snmoore/go/audio/dsf/dsd.go:77.4,80.4 1 1
github.com/snmoore/go/audio/dsf/dsd.go:94.41,110.31 8 0
github.com/snmoore/go/audio/dsf/dsd.go:113.2,124.16 8 0
github.com/snmoore/go/audio/dsf/dsd.go:128.2,128.12 1 0
github.com/snmoore/go/audio/dsf/dsd.go:110.31,112.3 1 0
github.com/snmoore/go/audio/dsf/dsd.go:124.16,126.3 1 0
github.com/snmoore/go/audio/dsf/fmt.go:144.40,147.16 2 1
github.com/snmoore/go/audio/dsf/fmt.go:152.2,153.16 2 1
github.com/snmoore/go/audio/dsf/fmt.go:165.2,166.26 2 1
github.com/snmoore/go/audio/dsf/fmt.go:171.2,172.33 2 1
github.com/snmoore/go/audio/dsf/fmt.go:177.2,178.31 2 1
github.com/snmoore/go/audio/dsf/fmt.go:183.2,185.9 3 1
github.com/snmoore/go/audio/dsf/fmt.go:190.2,195.9 4 1
github.com/snmoore/go/audio/dsf/fmt.go:198.2,198.38 1 1
github.com/snmoore/go/audio/dsf/fmt.go:203.2,205.9 3 1
github.com/snmoore/go/audio/dsf/fmt.go:210.2,212.9 3 1
github.com/snmoore/go/audio/dsf/fmt.go:217.2,221.31 3 1
github.com/snmoore/go/audio/dsf/fmt.go:226.2,227.29 2 1
github.com/snmoore/go/audio/dsf/fmt.go:232.2,239.20 8 1
github.com/snmoore/go/audio/dsf/fmt.go:250.2,269.12 15 1
github.com/snmoore/go/audio/dsf/fmt.go:147.16,149.3 1 1
github.com/snmoore/go/audio/dsf/fmt.go:154.2,154.22 0 1
github.com/snmoore/go/audio/dsf/fmt.go:156.2,157.67 1 1
github.com/snmoore/go/audio/dsf/fmt.go:158.2,159.68 1 1
github.com/snmoore/go/audio/dsf/fmt.go:160.2,161.80 1 1
github.com/snmoore/go/audio/dsf/fmt.go:166.26,168.3 1 1
github.com/snmoore/go/audio/dsf/fmt.go:172.33,174.3 1 1
github.com/snmoore/go/audio/dsf/fmt.go:178.31,180.3 1 1
github.com/snmoore/go/audio/dsf/fmt.go:185.9,187.3 1 1
github.com/snmoore/go/audio/dsf/fmt.go:195.9,197.3 1 1
github.com/snmoore/go/audio/dsf/fmt.go:198.38,200.3 1 1
github.com/snmoore/go/audio/dsf/fmt.go:205.9,207.3 1 1
github.com/snmoore/go/audio/dsf/fmt.go:212.9,214.3 1 1
github.com/snmoore/go/audio/dsf/fmt.go:221.31,223.3 1 1
github.com/snmoore/go/audio/dsf/fmt.go:227.29,229.3 1 1
github.com/snmoore/go/audio/dsf/fmt.go:239.20,241.33 2 1
github.com/snmoore/go/audio/dsf/fmt.go:248.3,248.56 1 1
github.com/snmoore/go/audio/dsf/fmt.go:241.33,242.24 1 1
github.com/snmoore/go/audio/dsf/fmt.go:242.24,244.5 1 1
github.com/snmoore/go/audio/dsf/fmt.go:244.5,246.5 1 1
github.com/snmoore/go/audio/dsf/fmt.go:273.41,292.42 10 0
github.com/snmoore/go/audio/dsf/fmt.go:297.2,297.22 1 0
github.com/snmoore/go/audio/dsf/fmt.go:308.2,313.73 4 0
github.com/snmoore/go/audio/dsf/fmt.go:316.2,321.9 4 0
github.com/snmoore/go/audio/dsf/fmt.go:324.2,329.9 4 0
github.com/snmoore/go/audio/dsf/fmt.go:332.2,344.35 9 0
github.com/snmoore/go/audio/dsf/fmt.go:355.2,360.16 4 0
github.com/snmoore/go/audio/dsf/fmt.go:364.2,364.12 1 0
github.com/snmoore/go/audio/dsf/fmt.go:292.42,293.53 1 0
github.com/snmoore/go/audio/dsf/fmt.go:293.53,295.4 1 0
github.com/snmoore/go/audio/dsf/fmt.go:297.22,299.48 2 0
github.com/snmoore/go/audio/dsf/fmt.go:306.3,306.64 1 0
github.com/snmoore/go/audio/dsf/fmt.go:299.48,300.39 1 0
github.com/snmoore/go/audio/dsf/fmt.go:300.39,302.5 1 0
github.com/snmoore/go/audio/dsf/fmt.go:302.5,304.5 1 0
github.com/snmoore/go/audio/dsf/fmt.go:313.73,315.3 1 0
github.com/snmoore/go/audio/dsf/fmt.go:321.9,323.3 1 0
github.com/snmoore/go/audio/dsf/fmt.go:329.9,331.3 1 0
github.com/snmoore/go/audio/dsf/fmt.go:344.35,346.48 2 0
github.com/snmoore/go/audio/dsf/fmt.go:353.3,353.56 1 0
github.com/snmoore/go/audio/dsf/fmt.go:346.48,347.39 1 0
github.com/snmoore/go/audio/dsf/fmt.go:347.39,349.5 1 0
github.com/snmoore/go/audio/dsf/fmt.go:349.5,351.5 1 0
github.com/snmoore/go/audio/dsf/fmt.go:360.16,362.3 1 0
github.com/snmoore/go/audio/dsf/metadata.go:14.45,17.16 2 1
github.com/snmoore/go/audio/dsf/metadata.go:22.2,23.16 2 1
github.com/snmoore/go/audio/dsf/metadata.go:34.2,34.31 1 1
github.com/snmoore/go/audio/dsf/metadata.go:45.2,45.12 1 1
github.com/snmoore/go/audio/dsf/metadata.go:17.16,19.3 1 1
github.com/snmoore/go/audio/dsf/metadata.go:24.2,25.77 1 1
github.com/snmoore/go/audio/dsf/metadata.go:26.2,27.77 1 1
github.com/snmoore/go/audio/dsf/metadata.go:28.2,29.78 1 1
github.com/snmoore/go/audio/dsf/metadata.go:30.2,30.10 0 1
github.com/snmoore/go/audio/dsf/metadata.go:34.31,39.13 4 1
github.com/snmoore/go/audio/dsf/metadata.go:42.3,42.79 1 1
github.com/snmoore/go/audio/dsf/metadata.go:39.13,41.4 1 1
github.com/snmoore/go/audio/dsf/reader.go:32.62,38.41 4 1
github.com/snmoore/go/audio/dsf/reader.go:43.2,43.41 1 1
github.com/snmoore/go/audio/dsf/reader.go:48.2,48.42 1 1
github.com/snmoore/go/audio/dsf/reader.go:53.2,53.31 1 1
github.com/snmoore/go/audio/dsf/reader.go:59.2,59.12 1 1
github.com/snmoore/go/audio/dsf/reader.go:38.41,40.3 1 1
github.com/snmoore/go/audio/dsf/reader.go:43.41,45.3 1 1
github.com/snmoore/go/audio/dsf/reader.go:48.42,50.3 1 1
github.com/snmoore/go/audio/dsf/reader.go:53.31,54.47 1 1
github.com/snmoore/go/audio/dsf/reader.go:54.47,56.4 1 1
github.com/snmoore/go/audio/dsf/reader.go:64.65,67.18 2 1
github.com/snmoore/go/audio/dsf/reader.go:71.2,71.43 1 1
github.com/snmoore/go/audio/dsf/reader.go:75.2,75.21 1 1
github.com/snmoore/go/audio/dsf/reader.go:67.18,69.3 1 1
github.com/snmoore/go/audio/dsf/reader.go:71.43,73.3 1 1
github.com/snmoore/go/audio/dsf/writer.go:32.78,39.19 5 0
github.com/snmoore/go/audio/dsf/writer.go:46.2,46.42 1 0
github.com/snmoore/go/audio/dsf/writer.go:50.2,50.42 1 0
github.com/snmoore/go/audio/dsf/writer.go:54.2,54.12 1 0
github.com/snmoore/go/audio/dsf/writer.go:39.19,43.3 3 0
github.com/snmoore/go/audio/dsf/writer.go:46.42,48.3 1 0
github.com/snmoore/go/audio/dsf/writer.go:50.42,52.3 1 0
github.com/snmoore/go/audio/dsf/writer.go:59.65,62.29 2 0
github.com/snmoore/go/audio/dsf/writer.go:66.2,66.46 1 0
github.com/snmoore/go/audio/dsf/writer.go:70.2,70.12 1 0
github.com/snmoore/go/audio/dsf/writer.go:62.29,64.3 1 0
github.com/snmoore/go/audio/dsf/writer.go:66.46,68.3 1 0
